// Jest Snapshot v1, https://goo.gl/fbAQLP

exports[`<TrackCard /> should render and match the snapshot 1`] = `
<body>
  <div>
    <div
      class="MuiPaper-root MuiPaper-elevation MuiPaper-rounded MuiPaper-elevation1 MuiCard-root e12nrugs0 css-tcnzq6-MuiPaper-root-MuiCard-root"
      data-testid="track-card"
    >
      <div
        data-testid="track-details"
      >
        <p
          class="css-lh9t18 egtqi0h0"
          data-testid="name-unavailable"
        >
          Repository name is unavailable
        </p>
        <p
          class="css-lh9t18 egtqi0h0"
          data-testid="fullName-unavailable"
        >
          Repository full name unavaiable
        </p>
        <p
          class="css-lh9t18 egtqi0h0"
          data-testid="stargazers-unavaiable"
        >
          Repository stars are unavaiable
        </p>
      </div>
      <button
        data-testid="play-audio"
      >
        <p
          class="css-lh9t18 egtqi0h0"
          data-testid="t"
        >
          Play Audio
        </p>
      </button>
    </div>
  </div>
</body>
`;
