// Jest Snapshot v1, https://goo.gl/fbAQLP

exports[`<App /> container tests should render and match the snapshot 1`] = `
<div>
  <header
    class="MuiPaper-root MuiPaper-elevation MuiPaper-elevation4 MuiAppBar-root MuiAppBar-colorPrimary MuiAppBar-positionRelative esmlbx61 css-yd54ol-MuiPaper-root-MuiAppBar-root"
    data-testid="header"
  >
    <p
      class="esmlbx60 css-gl8sku egtqi0h0"
      data-testid="t"
    >
      Wednesday Solutions
    </p>
  </header>
  <div
    class="MuiContainer-root MuiContainer-maxWidthLg css-psxadm-MuiContainer-root"
  />
</div>
`;
