// Jest Snapshot v1, https://goo.gl/fbAQLP

exports[`<Header /> should render and match the snapshot 1`] = `
<body>
  <div>
    <header
      class="MuiPaper-root MuiPaper-elevation MuiPaper-elevation4 MuiAppBar-root MuiAppBar-colorPrimary MuiAppBar-positionRelative esmlbx61 css-h0ut63-MuiPaper-root-MuiAppBar-root"
      data-testid="header"
    >
      <p
        class="esmlbx60 css-gl8sku egtqi0h0"
        data-testid="t"
      >
        Wednesday Solutions
      </p>
    </header>
  </div>
</body>
`;
